\BOOKMARK [1][-]{section.1}{\376\377\000I\000n\000t\000r\000o\000d\000u\000c\000t\000i\000o\000n}{}% 1
\BOOKMARK [1][-]{section.2}{\376\377\000C\000o\000s\000m\000o\000l\000o\000g\000i\000c\000a\000l\000\040\000B\000a\000c\000k\000g\000r\000o\000u\000n\000d}{}% 2
\BOOKMARK [2][-]{subsection.2.1}{\376\377\000S\000M\000\040\000T\000h\000e\000r\000m\000a\000l\000\040\000B\000a\000t\000h\000\040\000a\000n\000d\000\040\000H\000u\000b\000b\000l\000e\000\040\000R\000a\000t\000e}{section.2}% 3
\BOOKMARK [2][-]{subsection.2.2}{\376\377\000E\000q\000u\000i\000l\000i\000b\000r\000i\000u\000m\000\040\000D\000i\000s\000t\000r\000i\000b\000u\000t\000i\000o\000n\000s\000\040\000a\000n\000d\000\040\000E\000n\000e\000r\000g\000y\000\040\000M\000o\000m\000e\000n\000t\000s}{section.2}% 4
\BOOKMARK [1][-]{section.3}{\376\377\000D\000a\000r\000k\000\040\000S\000e\000c\000t\000o\000r\000\040\000M\000o\000d\000e\000l\000s}{}% 5
\BOOKMARK [2][-]{subsection.3.1}{\376\377\000V\000e\000c\000t\000o\000r\000P\000o\000r\000t\000a\000l\000:\000\040\000K\000i\000n\000e\000t\000i\000c\000\040\000M\000i\000x\000i\000n\000g\000\040\000w\000i\000t\000h\000\040\000H\000y\000p\000e\000r\000c\000h\000a\000r\000g\000e}{section.3}% 6
\BOOKMARK [3][-]{subsubsection.3.1.1}{\376\377\000D\000a\000r\000k\000-\000s\000e\000c\000t\000o\000r\000\040\000p\000r\000o\000c\000e\000s\000s\000e\000s}{subsection.3.1}% 7
\BOOKMARK [3][-]{subsubsection.3.1.2}{\376\377\000C\000o\000n\000n\000e\000c\000t\000i\000o\000n\000\040\000t\000o\000\040\000t\000h\000e\000\040\000S\000t\000a\000n\000d\000a\000r\000d\000\040\000M\000o\000d\000e\000l}{subsection.3.1}% 8
\BOOKMARK [2][-]{subsection.3.2}{\376\377\000B\000L\000P\000o\000r\000t\000a\000l\000:\000\040\000B\000-\000L\000\040\000K\000i\000n\000e\000t\000i\000c\000\040\000M\000i\000x\000i\000n\000g}{section.3}% 9
\BOOKMARK [2][-]{subsection.3.3}{\376\377\000B\000a\000r\000y\000o\000n\000P\000o\000r\000t\000a\000l\000:\000\040\000B\000a\000r\000y\000o\000n\000\040\000N\000u\000m\000b\000e\000r\000\040\000K\000i\000n\000e\000t\000i\000c\000\040\000M\000i\000x\000i\000n\000g}{section.3}% 10
\BOOKMARK [2][-]{subsection.3.4}{\376\377\000L\000i\000L\000j\000P\000o\000r\000t\000a\000l\000:\000\040\000L\000i\000\040\000-\000\040\000L\000j\000\040\000K\000i\000n\000e\000t\000i\000c\000\040\000M\000i\000x\000i\000n\000g}{section.3}% 11
\BOOKMARK [2][-]{subsection.3.5}{\376\377\000H\000i\000g\000g\000s\000P\000o\000r\000t\000a\000l\000:\000\040\000S\000c\000a\000l\000a\000r\000\040\000M\000i\000x\000i\000n\000g}{section.3}% 12
\BOOKMARK [3][-]{subsubsection.3.5.1}{\376\377\000D\000a\000r\000k\000-\000s\000e\000c\000t\000o\000r\000\040\000p\000r\000o\000c\000e\000s\000s\000e\000s}{subsection.3.5}% 13
\BOOKMARK [3][-]{subsubsection.3.5.2}{\376\377\000C\000o\000n\000n\000e\000c\000t\000i\000o\000n\000\040\000t\000o\000\040\000t\000h\000e\000\040\000S\000t\000a\000n\000d\000a\000r\000d\000\040\000M\000o\000d\000e\000l}{subsection.3.5}% 14
\BOOKMARK [1][-]{section.4}{\376\377\000B\000o\000l\000t\000z\000m\000a\000n\000n\000\040\000E\000q\000u\000a\000t\000i\000o\000n\000s}{}% 15
\BOOKMARK [2][-]{subsection.4.1}{\376\377\000F\000u\000l\000l\000\040\000S\000y\000s\000t\000e\000m}{section.4}% 16
\BOOKMARK [1][-]{section.5}{\376\377\000S\000o\000l\000v\000e\000r\000\040\000I\000m\000p\000l\000e\000m\000e\000n\000t\000a\000t\000i\000o\000n\000s}{}% 17
\BOOKMARK [2][-]{subsection.5.1}{\376\377\000T\000h\000r\000e\000e\000-\000P\000h\000a\000s\000e\000\040\000Q\000S\000S\000A\000\040\000S\000o\000l\000v\000e\000r\000\040\000\050\000s\000o\000l\000v\000e\000\137\000b\000o\000l\000t\000z\000m\000a\000n\000n\000\137\000c\000h\000e\000m\000p\000o\000t\000\137\000Q\000S\000S\000A\000\051}{section.5}% 18
\BOOKMARK [2][-]{subsection.5.2}{\376\377\000L\000e\000g\000a\000c\000y\000\040\000S\000o\000l\000v\000e\000r\000s}{section.5}% 19
\BOOKMARK [3][-]{subsubsection.5.2.1}{\376\377\000T\000w\000o\000-\000P\000h\000a\000s\000e\000\040\000S\000o\000l\000v\000e\000r\000\040\000\050\000s\000o\000l\000v\000e\000\137\000b\000o\000l\000t\000z\000m\000a\000n\000n\000\137\000c\000h\000e\000m\000p\000o\000t\000\051}{subsection.5.2}% 20
\BOOKMARK [3][-]{subsubsection.5.2.2}{\376\377\000H\000y\000b\000r\000i\000d\000\040\000S\000o\000l\000v\000e\000r\000\040\000\050\000s\000o\000l\000v\000e\000\137\000b\000o\000l\000t\000z\000m\000a\000n\000n\000\137\000h\000y\000b\000r\000i\000d\000\051}{subsection.5.2}% 21
\BOOKMARK [3][-]{subsubsection.5.2.3}{\376\377\000Y\000-\000E\000q\000u\000i\000l\000i\000b\000r\000i\000u\000m\000\040\000S\000o\000l\000v\000e\000r\000\040\000\050\000s\000o\000l\000v\000e\000\137\000b\000o\000l\000t\000z\000m\000a\000n\000n\000\137\000Y\000e\000q\000\051}{subsection.5.2}% 22
\BOOKMARK [2][-]{subsection.5.3}{\376\377\000N\000u\000m\000e\000r\000i\000c\000a\000l\000\040\000D\000e\000t\000a\000i\000l\000s}{section.5}% 23
\BOOKMARK [1][-]{section.6}{\376\377\000B\000a\000c\000k\000g\000r\000o\000u\000n\000d\000\040\000E\000v\000o\000l\000u\000t\000i\000o\000n\000\040\000\050\000L\000a\000t\000e\000-\000T\000i\000m\000e\000\040\000Y\000\040\000D\000e\000c\000a\000y\000\051}{}% 24
\BOOKMARK [1][-]{section.7}{\376\377\000C\000o\000n\000s\000t\000r\000a\000i\000n\000t\000\040\000F\000i\000n\000d\000i\000n\000g}{}% 25
\BOOKMARK [2][-]{subsection.7.1}{\376\377\000R\000e\000l\000i\000c\000\040\000A\000b\000u\000n\000d\000a\000n\000c\000e\000\040\000C\000o\000n\000s\000t\000r\000a\000i\000n\000t}{section.7}% 26
\BOOKMARK [2][-]{subsection.7.2}{\376\377\000B\000B\000N\000\040\000H\000a\000d\000r\000o\000n\000i\000c\000\040\000I\000n\000j\000e\000c\000t\000i\000o\000n\000\040\000C\000o\000n\000s\000t\000r\000a\000i\000n\000t}{section.7}% 27
\BOOKMARK [2][-]{subsection.7.3}{\376\377\000T\000h\000e\000r\000m\000a\000l\000i\000z\000a\000t\000i\000o\000n\000\040\000F\000l\000o\000o\000r}{section.7}% 28
\BOOKMARK [2][-]{subsection.7.4}{\376\377\000D\000i\000r\000e\000c\000t\000\040\000D\000e\000t\000e\000c\000t\000i\000o\000n\000\040\000C\000o\000n\000s\000t\000r\000a\000i\000n\000t\000s}{section.7}% 29
\BOOKMARK [1][-]{section.8}{\376\377\000C\000r\000i\000t\000i\000c\000a\000l\000\040\000M\000a\000s\000s\000\040\000F\000i\000n\000d\000e\000r\000\040\000\050\000f\000i\000n\000d\000\137\000m\000X\000s\000t\000a\000r\000\051}{}% 30
\BOOKMARK [1][-]{section.9}{\376\377\000A\000s\000s\000u\000m\000p\000t\000i\000o\000n\000s\000,\000\040\000A\000p\000p\000r\000o\000x\000i\000m\000a\000t\000i\000o\000n\000s\000,\000\040\000a\000n\000d\000\040\000V\000a\000l\000i\000d\000i\000t\000y}{}% 31
\BOOKMARK [2][-]{subsection.9.1}{\376\377\000F\000u\000n\000d\000a\000m\000e\000n\000t\000a\000l\000\040\000A\000s\000s\000u\000m\000p\000t\000i\000o\000n\000s}{section.9}% 32
\BOOKMARK [2][-]{subsection.9.2}{\376\377\000C\000r\000o\000s\000s\000\040\000S\000e\000c\000t\000i\000o\000n\000\040\000a\000n\000d\000\040\000D\000e\000c\000a\000y\000\040\000W\000i\000d\000t\000h\000\040\000A\000p\000p\000r\000o\000x\000i\000m\000a\000t\000i\000o\000n\000s}{section.9}% 33
\BOOKMARK [2][-]{subsection.9.3}{\376\377\000C\000o\000n\000s\000t\000r\000a\000i\000n\000t\000\040\000A\000p\000p\000r\000o\000x\000i\000m\000a\000t\000i\000o\000n\000s}{section.9}% 34
\BOOKMARK [2][-]{subsection.9.4}{\376\377\000S\000o\000l\000v\000e\000r\000\040\000L\000i\000m\000i\000t\000a\000t\000i\000o\000n\000s}{section.9}% 35
\BOOKMARK [1][-]{section.10}{\376\377\000P\000a\000r\000a\000m\000e\000t\000e\000r\000\040\000S\000p\000a\000c\000e\000\040\000a\000n\000d\000\040\000V\000a\000l\000i\000d\000i\000t\000y\000\040\000R\000a\000n\000g\000e\000s}{}% 36
\BOOKMARK [2][-]{subsection.10.1}{\376\377\000P\000a\000r\000a\000m\000e\000t\000e\000r\000\040\000R\000a\000n\000g\000e\000s}{section.10}% 37
\BOOKMARK [2][-]{subsection.10.2}{\376\377\000N\000u\000m\000e\000r\000i\000c\000a\000l\000\040\000P\000r\000e\000c\000i\000s\000i\000o\000n\000\040\000a\000n\000d\000\040\000R\000e\000g\000i\000o\000n\000s\000\040\000o\000f\000\040\000R\000e\000d\000u\000c\000e\000d\000\040\000A\000c\000c\000u\000r\000a\000c\000y}{section.10}% 38
\BOOKMARK [1][-]{section.11}{\376\377\000P\000h\000y\000s\000i\000c\000a\000l\000\040\000C\000o\000n\000s\000t\000a\000n\000t\000s}{}% 39
\BOOKMARK [1][-]{section.12}{\376\377\000S\000M\000\040\000F\000e\000r\000m\000i\000o\000n\000\040\000C\000h\000a\000r\000g\000e\000\040\000T\000a\000b\000l\000e\000s}{}% 40
\BOOKMARK [1][-]{section.13}{\376\377\000C\000o\000d\000e\000\040\000A\000r\000c\000h\000i\000t\000e\000c\000t\000u\000r\000e}{}% 41
\BOOKMARK [2][-]{subsection.13.1}{\376\377\000M\000o\000d\000u\000l\000e\000\040\000S\000t\000r\000u\000c\000t\000u\000r\000e}{section.13}% 42
\BOOKMARK [2][-]{subsection.13.2}{\376\377\000D\000e\000s\000i\000g\000n\000\040\000P\000r\000i\000n\000c\000i\000p\000l\000e\000s}{section.13}% 43
